app/login.tsx(54,33): error TS7006: Parameter 'state' implicitly has an 'any' type.
app/register.tsx(64,33): error TS7006: Parameter 'state' implicitly has an 'any' type.
services/api.ts(1,19): error TS2307: Cannot find module 'axios' or its corresponding type declarations.
services/api.ts(21,6): error TS7006: Parameter 'config' implicitly has an 'any' type.
services/api.ts(28,6): error TS7006: Parameter 'error' implicitly has an 'any' type.
services/api.ts(35,6): error TS7006: Parameter 'response' implicitly has an 'any' type.
services/api.ts(36,6): error TS7006: Parameter 'error' implicitly has an 'any' type.
store/authStore.ts(1,24): error TS2307: Cannot find module 'zustand' or its corresponding type declarations.
store/authStore.ts(3,44): error TS2307: Cannot find module 'zustand/middleware' or its corresponding type declarations.
store/authStore.ts(21,10): error TS7006: Parameter 'set' implicitly has an 'any' type.
